Archive member included because of file (symbol)

/Users/spoon16/src/ard/ArduinoCore/328P_16MHz_RELEASE/libArduinoCore.a(main.o)
                              /usr/local/CrossPack-AVR-20120217/lib/gcc/avr/4.5.1/../../../../avr/lib/avr5/crtm328p.o (main)
/Users/spoon16/src/ard/ArduinoCore/328P_16MHz_RELEASE/libArduinoCore.a(wiring.o)
                              ./src/HelloWorld.o (delay)
/Users/spoon16/src/ard/ArduinoCore/328P_16MHz_RELEASE/libArduinoCore.a(wiring_digital.o)
                              ./src/HelloWorld.o (pinMode)
/usr/local/CrossPack-AVR-20120217/lib/gcc/avr/4.5.1/avr5/libgcc.a(_exit.o)
                              /usr/local/CrossPack-AVR-20120217/lib/gcc/avr/4.5.1/../../../../avr/lib/avr5/crtm328p.o (exit)
/usr/local/CrossPack-AVR-20120217/lib/gcc/avr/4.5.1/avr5/libgcc.a(_copy_data.o)
                              ./src/HelloWorld.o (__do_copy_data)
/usr/local/CrossPack-AVR-20120217/lib/gcc/avr/4.5.1/avr5/libgcc.a(_clear_bss.o)
                              /Users/spoon16/src/ard/ArduinoCore/328P_16MHz_RELEASE/libArduinoCore.a(wiring.o) (__do_clear_bss)

Discarded input sections

 .data          0x00000000        0x0 /usr/local/CrossPack-AVR-20120217/lib/gcc/avr/4.5.1/../../../../avr/lib/avr5/crtm328p.o
 .bss           0x00000000        0x0 /usr/local/CrossPack-AVR-20120217/lib/gcc/avr/4.5.1/../../../../avr/lib/avr5/crtm328p.o
 .stab          0x00000000      0x6cc /usr/local/CrossPack-AVR-20120217/lib/gcc/avr/4.5.1/../../../../avr/lib/avr5/crtm328p.o
 .stabstr       0x00000000       0xbe /usr/local/CrossPack-AVR-20120217/lib/gcc/avr/4.5.1/../../../../avr/lib/avr5/crtm328p.o
 .text          0x00000000        0x0 ./src/HelloWorld.o
 .data          0x00000000        0x0 ./src/HelloWorld.o
 .bss           0x00000000        0x0 ./src/HelloWorld.o
 .stab          0x00000000      0x54c ./src/HelloWorld.o
 .stabstr       0x00000000      0xb4b ./src/HelloWorld.o
 .text          0x00000000        0x0 /Users/spoon16/src/ard/ArduinoCore/328P_16MHz_RELEASE/libArduinoCore.a(main.o)
 .data          0x00000000        0x0 /Users/spoon16/src/ard/ArduinoCore/328P_16MHz_RELEASE/libArduinoCore.a(main.o)
 .bss           0x00000000        0x0 /Users/spoon16/src/ard/ArduinoCore/328P_16MHz_RELEASE/libArduinoCore.a(main.o)
 .stab          0x00000000      0x51c /Users/spoon16/src/ard/ArduinoCore/328P_16MHz_RELEASE/libArduinoCore.a(main.o)
 .stabstr       0x00000000      0xb27 /Users/spoon16/src/ard/ArduinoCore/328P_16MHz_RELEASE/libArduinoCore.a(main.o)
 .text          0x00000000        0x0 /Users/spoon16/src/ard/ArduinoCore/328P_16MHz_RELEASE/libArduinoCore.a(wiring.o)
 .data          0x00000000        0x0 /Users/spoon16/src/ard/ArduinoCore/328P_16MHz_RELEASE/libArduinoCore.a(wiring.o)
 .bss           0x00000000        0x0 /Users/spoon16/src/ard/ArduinoCore/328P_16MHz_RELEASE/libArduinoCore.a(wiring.o)
 .stab          0x00000000      0x8c4 /Users/spoon16/src/ard/ArduinoCore/328P_16MHz_RELEASE/libArduinoCore.a(wiring.o)
 .stabstr       0x00000000      0xccd /Users/spoon16/src/ard/ArduinoCore/328P_16MHz_RELEASE/libArduinoCore.a(wiring.o)
 .text.millis   0x00000000       0x1c /Users/spoon16/src/ard/ArduinoCore/328P_16MHz_RELEASE/libArduinoCore.a(wiring.o)
 .text.delayMicroseconds
                0x00000000       0x14 /Users/spoon16/src/ard/ArduinoCore/328P_16MHz_RELEASE/libArduinoCore.a(wiring.o)
 .text          0x00000000        0x0 /Users/spoon16/src/ard/ArduinoCore/328P_16MHz_RELEASE/libArduinoCore.a(wiring_digital.o)
 .data          0x00000000        0x0 /Users/spoon16/src/ard/ArduinoCore/328P_16MHz_RELEASE/libArduinoCore.a(wiring_digital.o)
 .bss           0x00000000        0x0 /Users/spoon16/src/ard/ArduinoCore/328P_16MHz_RELEASE/libArduinoCore.a(wiring_digital.o)
 .stab          0x00000000      0x9cc /Users/spoon16/src/ard/ArduinoCore/328P_16MHz_RELEASE/libArduinoCore.a(wiring_digital.o)
 .stabstr       0x00000000      0xe0b /Users/spoon16/src/ard/ArduinoCore/328P_16MHz_RELEASE/libArduinoCore.a(wiring_digital.o)
 .text.digitalRead
                0x00000000       0x54 /Users/spoon16/src/ard/ArduinoCore/328P_16MHz_RELEASE/libArduinoCore.a(wiring_digital.o)
 .text          0x00000000        0x0 /usr/local/CrossPack-AVR-20120217/lib/gcc/avr/4.5.1/avr5/libgcc.a(_exit.o)
 .data          0x00000000        0x0 /usr/local/CrossPack-AVR-20120217/lib/gcc/avr/4.5.1/avr5/libgcc.a(_exit.o)
 .bss           0x00000000        0x0 /usr/local/CrossPack-AVR-20120217/lib/gcc/avr/4.5.1/avr5/libgcc.a(_exit.o)
 .text.libgcc   0x00000000        0x0 /usr/local/CrossPack-AVR-20120217/lib/gcc/avr/4.5.1/avr5/libgcc.a(_exit.o)
 .text          0x00000000        0x0 /usr/local/CrossPack-AVR-20120217/lib/gcc/avr/4.5.1/avr5/libgcc.a(_copy_data.o)
 .data          0x00000000        0x0 /usr/local/CrossPack-AVR-20120217/lib/gcc/avr/4.5.1/avr5/libgcc.a(_copy_data.o)
 .bss           0x00000000        0x0 /usr/local/CrossPack-AVR-20120217/lib/gcc/avr/4.5.1/avr5/libgcc.a(_copy_data.o)
 .text.libgcc   0x00000000        0x0 /usr/local/CrossPack-AVR-20120217/lib/gcc/avr/4.5.1/avr5/libgcc.a(_copy_data.o)
 .text          0x00000000        0x0 /usr/local/CrossPack-AVR-20120217/lib/gcc/avr/4.5.1/avr5/libgcc.a(_clear_bss.o)
 .data          0x00000000        0x0 /usr/local/CrossPack-AVR-20120217/lib/gcc/avr/4.5.1/avr5/libgcc.a(_clear_bss.o)
 .bss           0x00000000        0x0 /usr/local/CrossPack-AVR-20120217/lib/gcc/avr/4.5.1/avr5/libgcc.a(_clear_bss.o)
 .text.libgcc   0x00000000        0x0 /usr/local/CrossPack-AVR-20120217/lib/gcc/avr/4.5.1/avr5/libgcc.a(_clear_bss.o)

Memory Configuration

Name             Origin             Length             Attributes
text             0x00000000         0x00020000         xr
data             0x00800060         0x0000ffa0         rw !x
eeprom           0x00810000         0x00010000         rw !x
fuse             0x00820000         0x00000400         rw !x
lock             0x00830000         0x00000400         rw !x
signature        0x00840000         0x00000400         rw !x
*default*        0x00000000         0xffffffff

Linker script and memory map

Address of section .data set to 0x800100
LOAD /usr/local/CrossPack-AVR-20120217/lib/gcc/avr/4.5.1/../../../../avr/lib/avr5/crtm328p.o
LOAD ./src/HelloWorld.o
LOAD /Users/spoon16/src/ard/ArduinoCore/328P_16MHz_RELEASE/libArduinoCore.a
LOAD /usr/local/CrossPack-AVR-20120217/lib/gcc/avr/4.5.1/../../../../avr/lib/avr5/libm.a
LOAD /usr/local/CrossPack-AVR-20120217/lib/gcc/avr/4.5.1/../../../../avr/lib/avr5/libm.a
LOAD /usr/local/CrossPack-AVR-20120217/lib/gcc/avr/4.5.1/avr5/libgcc.a
LOAD /usr/local/CrossPack-AVR-20120217/lib/gcc/avr/4.5.1/../../../../avr/lib/avr5/libc.a
LOAD /usr/local/CrossPack-AVR-20120217/lib/gcc/avr/4.5.1/avr5/libgcc.a

.hash
 *(.hash)

.dynsym
 *(.dynsym)

.dynstr
 *(.dynstr)

.gnu.version
 *(.gnu.version)

.gnu.version_d
 *(.gnu.version_d)

.gnu.version_r
 *(.gnu.version_r)

.rel.init
 *(.rel.init)

.rela.init
 *(.rela.init)

.rel.text
 *(.rel.text)
 *(.rel.text.*)
 *(.rel.gnu.linkonce.t*)

.rela.text
 *(.rela.text)
 *(.rela.text.*)
 *(.rela.gnu.linkonce.t*)

.rel.fini
 *(.rel.fini)

.rela.fini
 *(.rela.fini)

.rel.rodata
 *(.rel.rodata)
 *(.rel.rodata.*)
 *(.rel.gnu.linkonce.r*)

.rela.rodata
 *(.rela.rodata)
 *(.rela.rodata.*)
 *(.rela.gnu.linkonce.r*)

.rel.data
 *(.rel.data)
 *(.rel.data.*)
 *(.rel.gnu.linkonce.d*)

.rela.data
 *(.rela.data)
 *(.rela.data.*)
 *(.rela.gnu.linkonce.d*)

.rel.ctors
 *(.rel.ctors)

.rela.ctors
 *(.rela.ctors)

.rel.dtors
 *(.rel.dtors)

.rela.dtors
 *(.rela.dtors)

.rel.got
 *(.rel.got)

.rela.got
 *(.rela.got)

.rel.bss
 *(.rel.bss)

.rela.bss
 *(.rela.bss)

.rel.plt
 *(.rel.plt)

.rela.plt
 *(.rela.plt)

.text           0x00000000      0x442
 *(.vectors)
 .vectors       0x00000000       0x68 /usr/local/CrossPack-AVR-20120217/lib/gcc/avr/4.5.1/../../../../avr/lib/avr5/crtm328p.o
                0x00000000                __vectors
                0x00000000                __vector_default
 *(.vectors)
 *(.progmem.gcc*)
 *(.progmem*)
 .progmem.data  0x00000068       0x5a /Users/spoon16/src/ard/ArduinoCore/328P_16MHz_RELEASE/libArduinoCore.a(wiring_digital.o)
                0x00000068                port_to_mode_PGM
                0x00000072                port_to_output_PGM
                0x0000007c                port_to_input_PGM
                0x00000086                digital_pin_to_port_PGM
                0x0000009a                digital_pin_to_bit_mask_PGM
                0x000000ae                digital_pin_to_timer_PGM
                0x000000c2                . = ALIGN (0x2)
                0x000000c2                __trampolines_start = .
 *(.trampolines)
 .trampolines   0x000000c2        0x0 linker stubs
 *(.trampolines*)
                0x000000c2                __trampolines_end = .
 *(.jumptables)
 *(.jumptables*)
 *(.lowtext)
 *(.lowtext*)
                0x000000c2                __ctors_start = .
 *(.ctors)
                0x000000c2                __ctors_end = .
                0x000000c2                __dtors_start = .
 *(.dtors)
                0x000000c2                __dtors_end = .
 SORT(*)(.ctors)
 SORT(*)(.dtors)
 *(.init0)
 .init0         0x000000c2        0x0 /usr/local/CrossPack-AVR-20120217/lib/gcc/avr/4.5.1/../../../../avr/lib/avr5/crtm328p.o
                0x000000c2                __init
 *(.init0)
 *(.init1)
 *(.init1)
 *(.init2)
 .init2         0x000000c2        0xc /usr/local/CrossPack-AVR-20120217/lib/gcc/avr/4.5.1/../../../../avr/lib/avr5/crtm328p.o
 *(.init2)
 *(.init3)
 *(.init3)
 *(.init4)
 .init4         0x000000ce       0x16 /usr/local/CrossPack-AVR-20120217/lib/gcc/avr/4.5.1/avr5/libgcc.a(_copy_data.o)
                0x000000ce                __do_copy_data
 .init4         0x000000e4       0x10 /usr/local/CrossPack-AVR-20120217/lib/gcc/avr/4.5.1/avr5/libgcc.a(_clear_bss.o)
                0x000000e4                __do_clear_bss
 *(.init4)
 *(.init5)
 *(.init5)
 *(.init6)
 *(.init6)
 *(.init7)
 *(.init7)
 *(.init8)
 *(.init8)
 *(.init9)
 .init9         0x000000f4        0x8 /usr/local/CrossPack-AVR-20120217/lib/gcc/avr/4.5.1/../../../../avr/lib/avr5/crtm328p.o
 *(.init9)
 *(.text)
 .text          0x000000fc        0x4 /usr/local/CrossPack-AVR-20120217/lib/gcc/avr/4.5.1/../../../../avr/lib/avr5/crtm328p.o
                0x000000fc                __vector_20
                0x000000fc                __vector_1
                0x000000fc                __vector_24
                0x000000fc                __vector_12
                0x000000fc                __bad_interrupt
                0x000000fc                __vector_6
                0x000000fc                __vector_3
                0x000000fc                __vector_23
                0x000000fc                __vector_25
                0x000000fc                __vector_11
                0x000000fc                __vector_13
                0x000000fc                __vector_17
                0x000000fc                __vector_19
                0x000000fc                __vector_7
                0x000000fc                __vector_5
                0x000000fc                __vector_4
                0x000000fc                __vector_9
                0x000000fc                __vector_2
                0x000000fc                __vector_21
                0x000000fc                __vector_15
                0x000000fc                __vector_8
                0x000000fc                __vector_14
                0x000000fc                __vector_10
                0x000000fc                __vector_18
                0x000000fc                __vector_22
                0x00000100                . = ALIGN (0x2)
 *(.text.*)
 .text.setup    0x00000100        0xc ./src/HelloWorld.o
                0x00000100                setup
 .text.loop     0x0000010c       0x2e ./src/HelloWorld.o
                0x0000010c                loop
 .text.main     0x0000013a       0x1e /Users/spoon16/src/ard/ArduinoCore/328P_16MHz_RELEASE/libArduinoCore.a(main.o)
                0x0000013a                main
 .text.__vector_16
                0x00000158       0x90 /Users/spoon16/src/ard/ArduinoCore/328P_16MHz_RELEASE/libArduinoCore.a(wiring.o)
                0x00000158                __vector_16
 .text.micros   0x000001e8       0x4c /Users/spoon16/src/ard/ArduinoCore/328P_16MHz_RELEASE/libArduinoCore.a(wiring.o)
                0x000001e8                micros
 .text.delay    0x00000234       0x4e /Users/spoon16/src/ard/ArduinoCore/328P_16MHz_RELEASE/libArduinoCore.a(wiring.o)
                0x00000234                delay
 .text.init     0x00000282       0x76 /Users/spoon16/src/ard/ArduinoCore/328P_16MHz_RELEASE/libArduinoCore.a(wiring.o)
                0x00000282                init
 .text.turnOffPWM
                0x000002f8       0x5a /Users/spoon16/src/ard/ArduinoCore/328P_16MHz_RELEASE/libArduinoCore.a(wiring_digital.o)
 .text.pinMode  0x00000352       0x7c /Users/spoon16/src/ard/ArduinoCore/328P_16MHz_RELEASE/libArduinoCore.a(wiring_digital.o)
                0x00000352                pinMode
 .text.digitalWrite
                0x000003ce       0x70 /Users/spoon16/src/ard/ArduinoCore/328P_16MHz_RELEASE/libArduinoCore.a(wiring_digital.o)
                0x000003ce                digitalWrite
                0x0000043e                . = ALIGN (0x2)
 *(.fini9)
 .fini9         0x0000043e        0x0 /usr/local/CrossPack-AVR-20120217/lib/gcc/avr/4.5.1/avr5/libgcc.a(_exit.o)
                0x0000043e                exit
                0x0000043e                _exit
 *(.fini9)
 *(.fini8)
 *(.fini8)
 *(.fini7)
 *(.fini7)
 *(.fini6)
 *(.fini6)
 *(.fini5)
 *(.fini5)
 *(.fini4)
 *(.fini4)
 *(.fini3)
 *(.fini3)
 *(.fini2)
 *(.fini2)
 *(.fini1)
 *(.fini1)
 *(.fini0)
 .fini0         0x0000043e        0x4 /usr/local/CrossPack-AVR-20120217/lib/gcc/avr/4.5.1/avr5/libgcc.a(_exit.o)
 *(.fini0)
                0x00000442                _etext = .

.data           0x00800100        0x2 load address 0x00000442
                0x00800100                PROVIDE (__data_start, .)
 *(.data)
 *(.data*)
 .data.led      0x00800100        0x2 ./src/HelloWorld.o
                0x00800100                led
 *(.rodata)
 *(.rodata*)
 *(.gnu.linkonce.d*)
                0x00800102                . = ALIGN (0x2)
                0x00800102                _edata = .
                0x00800102                PROVIDE (__data_end, .)

.bss            0x00800102        0x9
                0x00800102                PROVIDE (__bss_start, .)
 *(.bss)
 *(.bss*)
 .bss.timer0_overflow_count
                0x00800102        0x4 /Users/spoon16/src/ard/ArduinoCore/328P_16MHz_RELEASE/libArduinoCore.a(wiring.o)
                0x00800102                timer0_overflow_count
 .bss.timer0_millis
                0x00800106        0x4 /Users/spoon16/src/ard/ArduinoCore/328P_16MHz_RELEASE/libArduinoCore.a(wiring.o)
                0x00800106                timer0_millis
 .bss.timer0_fract
                0x0080010a        0x1 /Users/spoon16/src/ard/ArduinoCore/328P_16MHz_RELEASE/libArduinoCore.a(wiring.o)
 *(COMMON)
                0x0080010b                PROVIDE (__bss_end, .)
                0x00000442                __data_load_start = LOADADDR (.data)
                0x00000444                __data_load_end = (__data_load_start + SIZEOF (.data))

.noinit         0x0080010b        0x0
                0x0080010b                PROVIDE (__noinit_start, .)
 *(.noinit*)
                0x0080010b                PROVIDE (__noinit_end, .)
                0x0080010b                _end = .
                0x0080010b                PROVIDE (__heap_start, .)

.eeprom         0x00810000        0x0
 *(.eeprom*)
                0x00810000                __eeprom_end = .

.fuse
 *(.fuse)
 *(.lfuse)
 *(.hfuse)
 *(.efuse)

.lock
 *(.lock*)

.signature
 *(.signature*)

.stab
 *(.stab)

.stabstr
 *(.stabstr)

.stab.excl
 *(.stab.excl)

.stab.exclstr
 *(.stab.exclstr)

.stab.index
 *(.stab.index)

.stab.indexstr
 *(.stab.indexstr)

.comment
 *(.comment)

.debug
 *(.debug)

.line
 *(.line)

.debug_srcinfo
 *(.debug_srcinfo)

.debug_sfnames
 *(.debug_sfnames)

.debug_aranges
 *(.debug_aranges)

.debug_pubnames
 *(.debug_pubnames)

.debug_info
 *(.debug_info)
 *(.gnu.linkonce.wi.*)

.debug_abbrev
 *(.debug_abbrev)

.debug_line
 *(.debug_line)

.debug_frame
 *(.debug_frame)

.debug_str
 *(.debug_str)

.debug_loc
 *(.debug_loc)

.debug_macinfo
 *(.debug_macinfo)
OUTPUT(Blink.elf elf32-avr)
LOAD linker stubs

Cross Reference Table

Symbol                                            File
__bad_interrupt                                   /usr/local/CrossPack-AVR-20120217/lib/gcc/avr/4.5.1/../../../../avr/lib/avr5/crtm328p.o
__bss_end                                         /usr/local/CrossPack-AVR-20120217/lib/gcc/avr/4.5.1/avr5/libgcc.a(_clear_bss.o)
__bss_start                                       /usr/local/CrossPack-AVR-20120217/lib/gcc/avr/4.5.1/avr5/libgcc.a(_clear_bss.o)
__data_end                                        /usr/local/CrossPack-AVR-20120217/lib/gcc/avr/4.5.1/avr5/libgcc.a(_copy_data.o)
__data_load_start                                 /usr/local/CrossPack-AVR-20120217/lib/gcc/avr/4.5.1/avr5/libgcc.a(_copy_data.o)
__data_start                                      /usr/local/CrossPack-AVR-20120217/lib/gcc/avr/4.5.1/avr5/libgcc.a(_copy_data.o)
__do_clear_bss                                    /usr/local/CrossPack-AVR-20120217/lib/gcc/avr/4.5.1/avr5/libgcc.a(_clear_bss.o)
                                                  /Users/spoon16/src/ard/ArduinoCore/328P_16MHz_RELEASE/libArduinoCore.a(wiring.o)
__do_copy_data                                    /usr/local/CrossPack-AVR-20120217/lib/gcc/avr/4.5.1/avr5/libgcc.a(_copy_data.o)
                                                  ./src/HelloWorld.o
__heap_end                                        /usr/local/CrossPack-AVR-20120217/lib/gcc/avr/4.5.1/../../../../avr/lib/avr5/crtm328p.o
__init                                            /usr/local/CrossPack-AVR-20120217/lib/gcc/avr/4.5.1/../../../../avr/lib/avr5/crtm328p.o
__stack                                           /usr/local/CrossPack-AVR-20120217/lib/gcc/avr/4.5.1/../../../../avr/lib/avr5/crtm328p.o
__vector_1                                        /usr/local/CrossPack-AVR-20120217/lib/gcc/avr/4.5.1/../../../../avr/lib/avr5/crtm328p.o
__vector_10                                       /usr/local/CrossPack-AVR-20120217/lib/gcc/avr/4.5.1/../../../../avr/lib/avr5/crtm328p.o
__vector_11                                       /usr/local/CrossPack-AVR-20120217/lib/gcc/avr/4.5.1/../../../../avr/lib/avr5/crtm328p.o
__vector_12                                       /usr/local/CrossPack-AVR-20120217/lib/gcc/avr/4.5.1/../../../../avr/lib/avr5/crtm328p.o
__vector_13                                       /usr/local/CrossPack-AVR-20120217/lib/gcc/avr/4.5.1/../../../../avr/lib/avr5/crtm328p.o
__vector_14                                       /usr/local/CrossPack-AVR-20120217/lib/gcc/avr/4.5.1/../../../../avr/lib/avr5/crtm328p.o
__vector_15                                       /usr/local/CrossPack-AVR-20120217/lib/gcc/avr/4.5.1/../../../../avr/lib/avr5/crtm328p.o
__vector_16                                       /Users/spoon16/src/ard/ArduinoCore/328P_16MHz_RELEASE/libArduinoCore.a(wiring.o)
                                                  /usr/local/CrossPack-AVR-20120217/lib/gcc/avr/4.5.1/../../../../avr/lib/avr5/crtm328p.o
__vector_17                                       /usr/local/CrossPack-AVR-20120217/lib/gcc/avr/4.5.1/../../../../avr/lib/avr5/crtm328p.o
__vector_18                                       /usr/local/CrossPack-AVR-20120217/lib/gcc/avr/4.5.1/../../../../avr/lib/avr5/crtm328p.o
__vector_19                                       /usr/local/CrossPack-AVR-20120217/lib/gcc/avr/4.5.1/../../../../avr/lib/avr5/crtm328p.o
__vector_2                                        /usr/local/CrossPack-AVR-20120217/lib/gcc/avr/4.5.1/../../../../avr/lib/avr5/crtm328p.o
__vector_20                                       /usr/local/CrossPack-AVR-20120217/lib/gcc/avr/4.5.1/../../../../avr/lib/avr5/crtm328p.o
__vector_21                                       /usr/local/CrossPack-AVR-20120217/lib/gcc/avr/4.5.1/../../../../avr/lib/avr5/crtm328p.o
__vector_22                                       /usr/local/CrossPack-AVR-20120217/lib/gcc/avr/4.5.1/../../../../avr/lib/avr5/crtm328p.o
__vector_23                                       /usr/local/CrossPack-AVR-20120217/lib/gcc/avr/4.5.1/../../../../avr/lib/avr5/crtm328p.o
__vector_24                                       /usr/local/CrossPack-AVR-20120217/lib/gcc/avr/4.5.1/../../../../avr/lib/avr5/crtm328p.o
__vector_25                                       /usr/local/CrossPack-AVR-20120217/lib/gcc/avr/4.5.1/../../../../avr/lib/avr5/crtm328p.o
__vector_3                                        /usr/local/CrossPack-AVR-20120217/lib/gcc/avr/4.5.1/../../../../avr/lib/avr5/crtm328p.o
__vector_4                                        /usr/local/CrossPack-AVR-20120217/lib/gcc/avr/4.5.1/../../../../avr/lib/avr5/crtm328p.o
__vector_5                                        /usr/local/CrossPack-AVR-20120217/lib/gcc/avr/4.5.1/../../../../avr/lib/avr5/crtm328p.o
__vector_6                                        /usr/local/CrossPack-AVR-20120217/lib/gcc/avr/4.5.1/../../../../avr/lib/avr5/crtm328p.o
__vector_7                                        /usr/local/CrossPack-AVR-20120217/lib/gcc/avr/4.5.1/../../../../avr/lib/avr5/crtm328p.o
__vector_8                                        /usr/local/CrossPack-AVR-20120217/lib/gcc/avr/4.5.1/../../../../avr/lib/avr5/crtm328p.o
__vector_9                                        /usr/local/CrossPack-AVR-20120217/lib/gcc/avr/4.5.1/../../../../avr/lib/avr5/crtm328p.o
__vector_default                                  /usr/local/CrossPack-AVR-20120217/lib/gcc/avr/4.5.1/../../../../avr/lib/avr5/crtm328p.o
__vectors                                         /usr/local/CrossPack-AVR-20120217/lib/gcc/avr/4.5.1/../../../../avr/lib/avr5/crtm328p.o
_exit                                             /usr/local/CrossPack-AVR-20120217/lib/gcc/avr/4.5.1/avr5/libgcc.a(_exit.o)
delay                                             /Users/spoon16/src/ard/ArduinoCore/328P_16MHz_RELEASE/libArduinoCore.a(wiring.o)
                                                  ./src/HelloWorld.o
delayMicroseconds                                 /Users/spoon16/src/ard/ArduinoCore/328P_16MHz_RELEASE/libArduinoCore.a(wiring.o)
digitalRead                                       /Users/spoon16/src/ard/ArduinoCore/328P_16MHz_RELEASE/libArduinoCore.a(wiring_digital.o)
digitalWrite                                      /Users/spoon16/src/ard/ArduinoCore/328P_16MHz_RELEASE/libArduinoCore.a(wiring_digital.o)
                                                  ./src/HelloWorld.o
digital_pin_to_bit_mask_PGM                       /Users/spoon16/src/ard/ArduinoCore/328P_16MHz_RELEASE/libArduinoCore.a(wiring_digital.o)
digital_pin_to_port_PGM                           /Users/spoon16/src/ard/ArduinoCore/328P_16MHz_RELEASE/libArduinoCore.a(wiring_digital.o)
digital_pin_to_timer_PGM                          /Users/spoon16/src/ard/ArduinoCore/328P_16MHz_RELEASE/libArduinoCore.a(wiring_digital.o)
exit                                              /usr/local/CrossPack-AVR-20120217/lib/gcc/avr/4.5.1/avr5/libgcc.a(_exit.o)
                                                  /usr/local/CrossPack-AVR-20120217/lib/gcc/avr/4.5.1/../../../../avr/lib/avr5/crtm328p.o
init                                              /Users/spoon16/src/ard/ArduinoCore/328P_16MHz_RELEASE/libArduinoCore.a(wiring.o)
                                                  /Users/spoon16/src/ard/ArduinoCore/328P_16MHz_RELEASE/libArduinoCore.a(main.o)
led                                               ./src/HelloWorld.o
loop                                              ./src/HelloWorld.o
                                                  /Users/spoon16/src/ard/ArduinoCore/328P_16MHz_RELEASE/libArduinoCore.a(main.o)
main                                              /Users/spoon16/src/ard/ArduinoCore/328P_16MHz_RELEASE/libArduinoCore.a(main.o)
                                                  /usr/local/CrossPack-AVR-20120217/lib/gcc/avr/4.5.1/../../../../avr/lib/avr5/crtm328p.o
micros                                            /Users/spoon16/src/ard/ArduinoCore/328P_16MHz_RELEASE/libArduinoCore.a(wiring.o)
millis                                            /Users/spoon16/src/ard/ArduinoCore/328P_16MHz_RELEASE/libArduinoCore.a(wiring.o)
pinMode                                           /Users/spoon16/src/ard/ArduinoCore/328P_16MHz_RELEASE/libArduinoCore.a(wiring_digital.o)
                                                  ./src/HelloWorld.o
port_to_input_PGM                                 /Users/spoon16/src/ard/ArduinoCore/328P_16MHz_RELEASE/libArduinoCore.a(wiring_digital.o)
port_to_mode_PGM                                  /Users/spoon16/src/ard/ArduinoCore/328P_16MHz_RELEASE/libArduinoCore.a(wiring_digital.o)
port_to_output_PGM                                /Users/spoon16/src/ard/ArduinoCore/328P_16MHz_RELEASE/libArduinoCore.a(wiring_digital.o)
serialEventRun()                                  /Users/spoon16/src/ard/ArduinoCore/328P_16MHz_RELEASE/libArduinoCore.a(main.o)
setup                                             ./src/HelloWorld.o
                                                  /Users/spoon16/src/ard/ArduinoCore/328P_16MHz_RELEASE/libArduinoCore.a(main.o)
timer0_millis                                     /Users/spoon16/src/ard/ArduinoCore/328P_16MHz_RELEASE/libArduinoCore.a(wiring.o)
timer0_overflow_count                             /Users/spoon16/src/ard/ArduinoCore/328P_16MHz_RELEASE/libArduinoCore.a(wiring.o)
